css
level-2 after the audio is played it should not repeat
some logic change
level-4 tutorial box in mobile
level-4 tet
